{"level":"info","message":"Hello from Acquisitions!","service":"acquisitions-api","timestamp":"2026-04-30T07:26:05.734Z"}
{"level":"info","message":"Hello from Acquisitions!","service":"acquisitions-api","timestamp":"2026-04-30T07:27:01.657Z"}
{"level":"info","message":"Hello from Acquisitions!","service":"acquisitions-api","timestamp":"2026-04-30T08:39:20.731Z"}
{"level":"info","message":"::1 - - [30/Apr/2026:08:39:20 +0000] \"GET / HTTP/1.1\" 304 - \"-\" \"Mozilla/5.0 (Macintosh; Intel Mac OS X 10_15_7) AppleWebKit/605.1.15 (KHTML, like Gecko) Version/26.4 Safari/605.1.15\"","service":"acquisitions-api","timestamp":"2026-04-30T08:39:20.740Z"}
{"level":"info","message":"Hello from Acquisitions!","service":"acquisitions-api","timestamp":"2026-04-30T08:53:58.093Z"}
{"level":"info","message":"::1 - - [30/Apr/2026:08:53:58 +0000] \"GET / HTTP/1.1\" 200 24 \"-\" \"HTTPie\"","service":"acquisitions-api","timestamp":"2026-04-30T08:53:58.101Z"}
{"level":"info","message":"::1 - - [30/Apr/2026:08:54:21 +0000] \"GET /api HTTP/1.1\" 200 42 \"-\" \"HTTPie\"","service":"acquisitions-api","timestamp":"2026-04-30T08:54:21.729Z"}
{"level":"info","message":"::1 - - [30/Apr/2026:08:54:36 +0000] \"GET /health HTTP/1.1\" 200 75 \"-\" \"HTTPie\"","service":"acquisitions-api","timestamp":"2026-04-30T08:54:36.661Z"}
{"level":"info","message":"::1 - - [30/Apr/2026:08:54:58 +0000] \"GET /api/auth/sign-in HTTP/1.1\" 404 155 \"-\" \"HTTPie\"","service":"acquisitions-api","timestamp":"2026-04-30T08:54:58.039Z"}
{"level":"info","message":"::1 - - [30/Apr/2026:08:56:55 +0000] \"GET /api/auth/sign-in HTTP/1.1\" 404 155 \"-\" \"HTTPie\"","service":"acquisitions-api","timestamp":"2026-04-30T08:56:55.780Z"}
{"level":"info","message":"::1 - - [30/Apr/2026:08:57:10 +0000] \"GET /api/auth/sign-in HTTP/1.1\" 404 155 \"-\" \"HTTPie\"","service":"acquisitions-api","timestamp":"2026-04-30T08:57:10.496Z"}
{"level":"info","message":"::1 - - [30/Apr/2026:08:57:11 +0000] \"GET /api/auth/sign-in HTTP/1.1\" 404 155 \"-\" \"HTTPie\"","service":"acquisitions-api","timestamp":"2026-04-30T08:57:11.094Z"}
{"level":"info","message":"::1 - - [30/Apr/2026:09:45:16 +0000] \"POST /api/auth/sign-in HTTP/1.1\" 200 31 \"-\" \"HTTPie\"","service":"acquisitions-api","timestamp":"2026-04-30T09:45:16.024Z"}
{"level":"info","message":"::1 - - [05/May/2026:09:59:24 +0000] \"POST /api/auth/sign-in HTTP/1.1\" 200 31 \"-\" \"HTTPie\"","service":"acquisitions-api","timestamp":"2026-05-05T09:59:24.697Z"}
{"level":"info","message":"::1 - - [05/May/2026:10:01:08 +0000] \"POST /api/auth/sign-in HTTP/1.1\" 200 31 \"-\" \"HTTPie\"","service":"acquisitions-api","timestamp":"2026-05-05T10:01:08.262Z"}
{"level":"info","message":"::1 - - [05/May/2026:10:01:09 +0000] \"POST /api/auth/sign-in HTTP/1.1\" 200 31 \"-\" \"HTTPie\"","service":"acquisitions-api","timestamp":"2026-05-05T10:01:09.173Z"}
{"level":"info","message":"::1 - - [05/May/2026:10:01:53 +0000] \"POST /api/auth/sign-in HTTP/1.1\" 200 31 \"-\" \"HTTPie\"","service":"acquisitions-api","timestamp":"2026-05-05T10:01:53.130Z"}
{"level":"info","message":"::1 - - [05/May/2026:10:02:36 +0000] \"POST /api/auth/sign-in HTTP/1.1\" 200 31 \"-\" \"HTTPie\"","service":"acquisitions-api","timestamp":"2026-05-05T10:02:36.947Z"}
{"level":"info","message":"::1 - - [05/May/2026:10:02:37 +0000] \"POST /api/auth/sign-in HTTP/1.1\" 200 31 \"-\" \"HTTPie\"","service":"acquisitions-api","timestamp":"2026-05-05T10:02:37.589Z"}
{"level":"info","message":"::1 - - [05/May/2026:10:06:49 +0000] \"POST /api/auth/sign-in HTTP/1.1\" 200 31 \"-\" \"HTTPie\"","service":"acquisitions-api","timestamp":"2026-05-05T10:06:49.225Z"}
{"level":"info","message":"::1 - - [05/May/2026:10:06:49 +0000] \"POST /api/auth/sign-in HTTP/1.1\" 200 31 \"-\" \"HTTPie\"","service":"acquisitions-api","timestamp":"2026-05-05T10:06:49.774Z"}
{"level":"info","message":"::1 - - [05/May/2026:10:06:49 +0000] \"POST /api/auth/sign-in HTTP/1.1\" 200 31 \"-\" \"HTTPie\"","service":"acquisitions-api","timestamp":"2026-05-05T10:06:49.906Z"}
{"level":"info","message":"::1 - - [05/May/2026:10:07:52 +0000] \"POST /api/auth/sign-in HTTP/1.1\" 200 31 \"-\" \"HTTPie\"","service":"acquisitions-api","timestamp":"2026-05-05T10:07:52.017Z"}
{"level":"info","message":"::1 - - [05/May/2026:10:07:52 +0000] \"POST /api/auth/sign-in HTTP/1.1\" 200 31 \"-\" \"HTTPie\"","service":"acquisitions-api","timestamp":"2026-05-05T10:07:52.594Z"}
{"level":"info","message":"::1 - - [05/May/2026:10:07:52 +0000] \"POST /api/auth/sign-in HTTP/1.1\" 200 31 \"-\" \"HTTPie\"","service":"acquisitions-api","timestamp":"2026-05-05T10:07:52.724Z"}
{"level":"info","message":"::1 - - [05/May/2026:10:09:44 +0000] \"POST /api/auth/sign-in HTTP/1.1\" 200 31 \"-\" \"HTTPie\"","service":"acquisitions-api","timestamp":"2026-05-05T10:09:44.615Z"}
{"level":"info","message":"::1 - - [05/May/2026:10:09:44 +0000] \"POST /api/auth/sign-in HTTP/1.1\" 200 31 \"-\" \"HTTPie\"","service":"acquisitions-api","timestamp":"2026-05-05T10:09:44.725Z"}
{"level":"info","message":"::1 - - [05/May/2026:10:09:45 +0000] \"POST /api/auth/sign-in HTTP/1.1\" 200 31 \"-\" \"HTTPie\"","service":"acquisitions-api","timestamp":"2026-05-05T10:09:45.206Z"}
{"level":"info","message":"::1 - - [05/May/2026:10:09:45 +0000] \"POST /api/auth/sign-in HTTP/1.1\" 200 31 \"-\" \"HTTPie\"","service":"acquisitions-api","timestamp":"2026-05-05T10:09:45.308Z"}
{"level":"info","message":"::1 - - [05/May/2026:10:09:45 +0000] \"POST /api/auth/sign-in HTTP/1.1\" 200 31 \"-\" \"HTTPie\"","service":"acquisitions-api","timestamp":"2026-05-05T10:09:45.444Z"}
{"level":"info","message":"::1 - - [05/May/2026:10:10:17 +0000] \"POST /api/auth/sign-in HTTP/1.1\" 200 31 \"-\" \"HTTPie\"","service":"acquisitions-api","timestamp":"2026-05-05T10:10:17.456Z"}
{"level":"info","message":"::1 - - [05/May/2026:10:10:18 +0000] \"POST /api/auth/sign-in HTTP/1.1\" 200 31 \"-\" \"HTTPie\"","service":"acquisitions-api","timestamp":"2026-05-05T10:10:18.039Z"}
{"level":"info","message":"::1 - - [05/May/2026:10:11:35 +0000] \"POST /api/auth/sign-in HTTP/1.1\" 200 31 \"-\" \"HTTPie\"","service":"acquisitions-api","timestamp":"2026-05-05T10:11:35.234Z"}
{"level":"info","message":"::1 - - [05/May/2026:10:11:35 +0000] \"POST /api/auth/sign-in HTTP/1.1\" 200 31 \"-\" \"HTTPie\"","service":"acquisitions-api","timestamp":"2026-05-05T10:11:35.804Z"}
{"level":"info","message":"::1 - - [05/May/2026:10:11:35 +0000] \"POST /api/auth/sign-in HTTP/1.1\" 200 31 \"-\" \"HTTPie\"","service":"acquisitions-api","timestamp":"2026-05-05T10:11:35.925Z"}
{"level":"info","message":"::1 - - [05/May/2026:10:11:36 +0000] \"POST /api/auth/sign-in HTTP/1.1\" 200 31 \"-\" \"HTTPie\"","service":"acquisitions-api","timestamp":"2026-05-05T10:11:36.199Z"}
{"level":"info","message":"::1 - - [05/May/2026:10:12:33 +0000] \"POST /api/auth/sign-in HTTP/1.1\" 200 31 \"-\" \"HTTPie\"","service":"acquisitions-api","timestamp":"2026-05-05T10:12:33.016Z"}
{"level":"info","message":"::1 - - [05/May/2026:11:01:38 +0000] \"POST /api/auth/sign-in HTTP/1.1\" 200 31 \"-\" \"HTTPie\"","service":"acquisitions-api","timestamp":"2026-05-05T11:01:38.305Z"}
{"level":"info","message":"::1 - - [05/May/2026:11:01:40 +0000] \"POST /api/auth/sign-in HTTP/1.1\" 200 31 \"-\" \"HTTPie\"","service":"acquisitions-api","timestamp":"2026-05-05T11:01:40.722Z"}
{"level":"info","message":"::1 - - [05/May/2026:11:01:40 +0000] \"POST /api/auth/sign-in HTTP/1.1\" 200 31 \"-\" \"HTTPie\"","service":"acquisitions-api","timestamp":"2026-05-05T11:01:40.870Z"}
{"level":"info","message":"::1 - - [05/May/2026:11:01:41 +0000] \"POST /api/auth/sign-in HTTP/1.1\" 200 31 \"-\" \"HTTPie\"","service":"acquisitions-api","timestamp":"2026-05-05T11:01:41.383Z"}
{"level":"info","message":"::1 - - [05/May/2026:11:01:45 +0000] \"POST /api/auth/sign-in HTTP/1.1\" 200 31 \"-\" \"HTTPie\"","service":"acquisitions-api","timestamp":"2026-05-05T11:01:45.682Z"}
{"level":"info","message":"::1 - - [05/May/2026:11:01:46 +0000] \"POST /api/auth/sign-in HTTP/1.1\" 200 31 \"-\" \"HTTPie\"","service":"acquisitions-api","timestamp":"2026-05-05T11:01:46.123Z"}
{"level":"info","message":"::1 - - [05/May/2026:11:01:48 +0000] \"GET /api/auth/sign-in HTTP/1.1\" 404 155 \"-\" \"HTTPie\"","service":"acquisitions-api","timestamp":"2026-05-05T11:01:48.950Z"}
{"level":"info","message":"::1 - - [05/May/2026:11:01:49 +0000] \"GET /api/auth/sign-in HTTP/1.1\" 404 155 \"-\" \"HTTPie\"","service":"acquisitions-api","timestamp":"2026-05-05T11:01:49.631Z"}
{"level":"info","message":"::1 - - [05/May/2026:11:02:15 +0000] \"POST /api/auth/sign-in HTTP/1.1\" 200 31 \"-\" \"HTTPie\"","service":"acquisitions-api","timestamp":"2026-05-05T11:02:15.770Z"}
{"level":"info","message":"::1 - - [05/May/2026:11:02:16 +0000] \"POST /api/auth/sign-in HTTP/1.1\" 200 31 \"-\" \"HTTPie\"","service":"acquisitions-api","timestamp":"2026-05-05T11:02:16.626Z"}
{"level":"info","message":"::1 - - [05/May/2026:11:03:05 +0000] \"POST /api/auth/sign-in HTTP/1.1\" 200 31 \"-\" \"HTTPie\"","service":"acquisitions-api","timestamp":"2026-05-05T11:03:05.648Z"}
{"level":"info","message":"::1 - - [05/May/2026:11:03:06 +0000] \"POST /api/auth/sign-in HTTP/1.1\" 200 31 \"-\" \"HTTPie\"","service":"acquisitions-api","timestamp":"2026-05-05T11:03:06.209Z"}
{"level":"info","message":"::1 - - [05/May/2026:11:03:33 +0000] \"POST /api/auth/sign-in HTTP/1.1\" 200 31 \"-\" \"HTTPie\"","service":"acquisitions-api","timestamp":"2026-05-05T11:03:33.161Z"}
{"level":"info","message":"::1 - - [05/May/2026:11:03:33 +0000] \"POST /api/auth/sign-in HTTP/1.1\" 200 31 \"-\" \"HTTPie\"","service":"acquisitions-api","timestamp":"2026-05-05T11:03:33.590Z"}
{"level":"info","message":"::1 - - [05/May/2026:11:03:33 +0000] \"POST /api/auth/sign-in HTTP/1.1\" 200 31 \"-\" \"HTTPie\"","service":"acquisitions-api","timestamp":"2026-05-05T11:03:33.721Z"}
{"level":"info","message":"::1 - - [05/May/2026:11:03:33 +0000] \"POST /api/auth/sign-in HTTP/1.1\" 200 31 \"-\" \"HTTPie\"","service":"acquisitions-api","timestamp":"2026-05-05T11:03:33.869Z"}
{"level":"info","message":"User registered successfully: contact@jsmastery.com","service":"acquisitions-api","timestamp":"2026-05-05T11:05:03.455Z"}
{"level":"info","message":"::1 - - [05/May/2026:11:05:03 +0000] \"POST /api/auth/sign-up HTTP/1.1\" 201 107 \"-\" \"HTTPie\"","service":"acquisitions-api","timestamp":"2026-05-05T11:05:03.456Z"}
{"level":"error","message":"Signup error password is not defined","service":"acquisitions-api","stack":"ReferenceError: password is not defined\n    at signup (file:///Users/newww/Desktop/Deploy/src/controllers/auth.controller.js:19:47)\n    at Layer.handleRequest (/Users/newww/Desktop/Deploy/node_modules/router/lib/layer.js:152:17)\n    at next (/Users/newww/Desktop/Deploy/node_modules/router/lib/route.js:157:13)\n    at Route.dispatch (/Users/newww/Desktop/Deploy/node_modules/router/lib/route.js:117:3)\n    at handle (/Users/newww/Desktop/Deploy/node_modules/router/index.js:435:11)\n    at Layer.handleRequest (/Users/newww/Desktop/Deploy/node_modules/router/lib/layer.js:152:17)\n    at /Users/newww/Desktop/Deploy/node_modules/router/index.js:295:15\n    at processParams (/Users/newww/Desktop/Deploy/node_modules/router/index.js:582:12)\n    at next (/Users/newww/Desktop/Deploy/node_modules/router/index.js:291:5)\n    at Function.handle (/Users/newww/Desktop/Deploy/node_modules/router/index.js:186:3)","timestamp":"2026-05-05T11:43:55.353Z"}
{"level":"info","message":"::1 - - [05/May/2026:11:43:55 +0000] \"POST /api/auth/sign-up HTTP/1.1\" 500 1158 \"-\" \"HTTPie\"","service":"acquisitions-api","timestamp":"2026-05-05T11:43:55.358Z"}
{"level":"error","message":"Error creating user: Error: Failed query: insert into \"users\" (\"id\", \"name\", \"email\", \"password\", \"role\", \"created_at\", \"updated_at\") values (default, $1, $2, default, $3, default, default) returning \"id\", \"name\", \"email\", \"role\", \"created_at\"\nparams: Admin,admin@jsmastery.pro,admin","service":"acquisitions-api","timestamp":"2026-05-05T11:46:49.180Z"}
{"cause":{"code":"23502","column":"password","detail":"Failing row contains (1, Admin, admin@jsmastery.pro, null, admin, 2026-05-05 11:46:49.316019, 2026-05-05 11:46:49.316019).","file":"execMain.c","line":"2032","name":"NeonDbError","routine":"ExecConstraints","schema":"public","severity":"ERROR","table":"users"},"level":"error","message":"Signup error Failed query: insert into \"users\" (\"id\", \"name\", \"email\", \"password\", \"role\", \"created_at\", \"updated_at\") values (default, $1, $2, default, $3, default, default) returning \"id\", \"name\", \"email\", \"role\", \"created_at\"\nparams: Admin,admin@jsmastery.pro,admin","params":["Admin","admin@jsmastery.pro","admin"],"query":"insert into \"users\" (\"id\", \"name\", \"email\", \"password\", \"role\", \"created_at\", \"updated_at\") values (default, $1, $2, default, $3, default, default) returning \"id\", \"name\", \"email\", \"role\", \"created_at\"","service":"acquisitions-api","stack":"Error: Failed query: insert into \"users\" (\"id\", \"name\", \"email\", \"password\", \"role\", \"created_at\", \"updated_at\") values (default, $1, $2, default, $3, default, default) returning \"id\", \"name\", \"email\", \"role\", \"created_at\"\nparams: Admin,admin@jsmastery.pro,admin\n    at NeonHttpPreparedQuery.queryWithCache (file:///Users/newww/Desktop/Deploy/node_modules/drizzle-orm/pg-core/session.js:41:15)\n    at process.processTicksAndRejections (node:internal/process/task_queues:95:5)\n    at async NeonHttpPreparedQuery.execute (file:///Users/newww/Desktop/Deploy/node_modules/drizzle-orm/neon-http/session.js:45:20)\n    at async createUser (file:///Users/newww/Desktop/Deploy/src/services/auth.service.js:24:27)\n    at async signup (file:///Users/newww/Desktop/Deploy/src/controllers/auth.controller.js:19:18)","timestamp":"2026-05-05T11:46:49.184Z"}
{"level":"info","message":"::1 - - [05/May/2026:11:46:49 +0000] \"POST /api/auth/sign-up HTTP/1.1\" 500 1126 \"-\" \"HTTPie\"","service":"acquisitions-api","timestamp":"2026-05-05T11:46:49.188Z"}
{"level":"error","message":"Error creating user: Error: Failed query: insert into \"users\" (\"id\", \"name\", \"email\", \"password\", \"role\", \"created_at\", \"updated_at\") values (default, $1, $2, default, $3, default, default) returning \"id\", \"name\", \"email\", \"role\", \"created_at\"\nparams: Admin,admin@jsmastery.pro,admin","service":"acquisitions-api","timestamp":"2026-05-05T11:46:50.072Z"}
{"cause":{"code":"23502","column":"password","detail":"Failing row contains (2, Admin, admin@jsmastery.pro, null, admin, 2026-05-05 11:46:50.252489, 2026-05-05 11:46:50.252489).","file":"execMain.c","line":"2032","name":"NeonDbError","routine":"ExecConstraints","schema":"public","severity":"ERROR","table":"users"},"level":"error","message":"Signup error Failed query: insert into \"users\" (\"id\", \"name\", \"email\", \"password\", \"role\", \"created_at\", \"updated_at\") values (default, $1, $2, default, $3, default, default) returning \"id\", \"name\", \"email\", \"role\", \"created_at\"\nparams: Admin,admin@jsmastery.pro,admin","params":["Admin","admin@jsmastery.pro","admin"],"query":"insert into \"users\" (\"id\", \"name\", \"email\", \"password\", \"role\", \"created_at\", \"updated_at\") values (default, $1, $2, default, $3, default, default) returning \"id\", \"name\", \"email\", \"role\", \"created_at\"","service":"acquisitions-api","stack":"Error: Failed query: insert into \"users\" (\"id\", \"name\", \"email\", \"password\", \"role\", \"created_at\", \"updated_at\") values (default, $1, $2, default, $3, default, default) returning \"id\", \"name\", \"email\", \"role\", \"created_at\"\nparams: Admin,admin@jsmastery.pro,admin\n    at NeonHttpPreparedQuery.queryWithCache (file:///Users/newww/Desktop/Deploy/node_modules/drizzle-orm/pg-core/session.js:41:15)\n    at process.processTicksAndRejections (node:internal/process/task_queues:95:5)\n    at async NeonHttpPreparedQuery.execute (file:///Users/newww/Desktop/Deploy/node_modules/drizzle-orm/neon-http/session.js:45:20)\n    at async createUser (file:///Users/newww/Desktop/Deploy/src/services/auth.service.js:24:27)\n    at async signup (file:///Users/newww/Desktop/Deploy/src/controllers/auth.controller.js:19:18)","timestamp":"2026-05-05T11:46:50.073Z"}
{"level":"info","message":"::1 - - [05/May/2026:11:46:50 +0000] \"POST /api/auth/sign-up HTTP/1.1\" 500 1126 \"-\" \"HTTPie\"","service":"acquisitions-api","timestamp":"2026-05-05T11:46:50.075Z"}
{"level":"error","message":"Error creating user: Error: Failed query: insert into \"users\" (\"id\", \"name\", \"email\", \"password\", \"role\", \"created_at\", \"updated_at\") values (default, $1, $2, default, $3, default, default) returning \"id\", \"name\", \"email\", \"role\", \"created_at\"\nparams: Admin,admin@jsmastery.pro,admin","service":"acquisitions-api","timestamp":"2026-05-05T11:50:12.239Z"}
{"cause":{"code":"23502","column":"password","detail":"Failing row contains (3, Admin, admin@jsmastery.pro, null, admin, 2026-05-05 11:50:12.347622, 2026-05-05 11:50:12.347622).","file":"execMain.c","line":"2032","name":"NeonDbError","routine":"ExecConstraints","schema":"public","severity":"ERROR","table":"users"},"level":"error","message":"Signup error Failed query: insert into \"users\" (\"id\", \"name\", \"email\", \"password\", \"role\", \"created_at\", \"updated_at\") values (default, $1, $2, default, $3, default, default) returning \"id\", \"name\", \"email\", \"role\", \"created_at\"\nparams: Admin,admin@jsmastery.pro,admin","params":["Admin","admin@jsmastery.pro","admin"],"query":"insert into \"users\" (\"id\", \"name\", \"email\", \"password\", \"role\", \"created_at\", \"updated_at\") values (default, $1, $2, default, $3, default, default) returning \"id\", \"name\", \"email\", \"role\", \"created_at\"","service":"acquisitions-api","stack":"Error: Failed query: insert into \"users\" (\"id\", \"name\", \"email\", \"password\", \"role\", \"created_at\", \"updated_at\") values (default, $1, $2, default, $3, default, default) returning \"id\", \"name\", \"email\", \"role\", \"created_at\"\nparams: Admin,admin@jsmastery.pro,admin\n    at NeonHttpPreparedQuery.queryWithCache (file:///Users/newww/Desktop/Deploy/node_modules/drizzle-orm/pg-core/session.js:41:15)\n    at process.processTicksAndRejections (node:internal/process/task_queues:95:5)\n    at async NeonHttpPreparedQuery.execute (file:///Users/newww/Desktop/Deploy/node_modules/drizzle-orm/neon-http/session.js:45:20)\n    at async createUser (file:///Users/newww/Desktop/Deploy/src/services/auth.service.js:24:27)\n    at async signup (file:///Users/newww/Desktop/Deploy/src/controllers/auth.controller.js:20:18)","timestamp":"2026-05-05T11:50:12.245Z"}
{"level":"info","message":"::1 - - [05/May/2026:11:50:12 +0000] \"POST /api/auth/sign-up HTTP/1.1\" 500 1126 \"-\" \"HTTPie\"","service":"acquisitions-api","timestamp":"2026-05-05T11:50:12.249Z"}
{"level":"error","message":"Error creating user: Error: Failed query: insert into \"users\" (\"id\", \"name\", \"email\", \"password\", \"role\", \"created_at\", \"updated_at\") values (default, $1, $2, default, $3, default, default) returning \"id\", \"name\", \"email\", \"role\", \"created_at\"\nparams: Admin,admin@jsmastery.pro,admin","service":"acquisitions-api","timestamp":"2026-05-05T11:50:13.406Z"}
{"cause":{"code":"23502","column":"password","detail":"Failing row contains (4, Admin, admin@jsmastery.pro, null, admin, 2026-05-05 11:50:13.582737, 2026-05-05 11:50:13.582737).","file":"execMain.c","line":"2032","name":"NeonDbError","routine":"ExecConstraints","schema":"public","severity":"ERROR","table":"users"},"level":"error","message":"Signup error Failed query: insert into \"users\" (\"id\", \"name\", \"email\", \"password\", \"role\", \"created_at\", \"updated_at\") values (default, $1, $2, default, $3, default, default) returning \"id\", \"name\", \"email\", \"role\", \"created_at\"\nparams: Admin,admin@jsmastery.pro,admin","params":["Admin","admin@jsmastery.pro","admin"],"query":"insert into \"users\" (\"id\", \"name\", \"email\", \"password\", \"role\", \"created_at\", \"updated_at\") values (default, $1, $2, default, $3, default, default) returning \"id\", \"name\", \"email\", \"role\", \"created_at\"","service":"acquisitions-api","stack":"Error: Failed query: insert into \"users\" (\"id\", \"name\", \"email\", \"password\", \"role\", \"created_at\", \"updated_at\") values (default, $1, $2, default, $3, default, default) returning \"id\", \"name\", \"email\", \"role\", \"created_at\"\nparams: Admin,admin@jsmastery.pro,admin\n    at NeonHttpPreparedQuery.queryWithCache (file:///Users/newww/Desktop/Deploy/node_modules/drizzle-orm/pg-core/session.js:41:15)\n    at process.processTicksAndRejections (node:internal/process/task_queues:95:5)\n    at async NeonHttpPreparedQuery.execute (file:///Users/newww/Desktop/Deploy/node_modules/drizzle-orm/neon-http/session.js:45:20)\n    at async createUser (file:///Users/newww/Desktop/Deploy/src/services/auth.service.js:24:27)\n    at async signup (file:///Users/newww/Desktop/Deploy/src/controllers/auth.controller.js:20:18)","timestamp":"2026-05-05T11:50:13.406Z"}
{"level":"info","message":"::1 - - [05/May/2026:11:50:13 +0000] \"POST /api/auth/sign-up HTTP/1.1\" 500 1126 \"-\" \"HTTPie\"","service":"acquisitions-api","timestamp":"2026-05-05T11:50:13.408Z"}
{"level":"error","message":"Error creating user: Error: Failed query: insert into \"users\" (\"id\", \"name\", \"email\", \"password\", \"role\", \"created_at\", \"updated_at\") values (default, $1, $2, default, $3, default, default) returning \"id\", \"name\", \"email\", \"role\", \"created_at\"\nparams: Admin,admin@jsmastery.pro,admin","service":"acquisitions-api","timestamp":"2026-05-05T11:55:44.755Z"}
{"cause":{"code":"23502","column":"password","detail":"Failing row contains (5, Admin, admin@jsmastery.pro, null, admin, 2026-05-05 11:55:44.89486, 2026-05-05 11:55:44.89486).","file":"execMain.c","line":"2032","name":"NeonDbError","routine":"ExecConstraints","schema":"public","severity":"ERROR","table":"users"},"level":"error","message":"Signup error Failed query: insert into \"users\" (\"id\", \"name\", \"email\", \"password\", \"role\", \"created_at\", \"updated_at\") values (default, $1, $2, default, $3, default, default) returning \"id\", \"name\", \"email\", \"role\", \"created_at\"\nparams: Admin,admin@jsmastery.pro,admin","params":["Admin","admin@jsmastery.pro","admin"],"query":"insert into \"users\" (\"id\", \"name\", \"email\", \"password\", \"role\", \"created_at\", \"updated_at\") values (default, $1, $2, default, $3, default, default) returning \"id\", \"name\", \"email\", \"role\", \"created_at\"","service":"acquisitions-api","stack":"Error: Failed query: insert into \"users\" (\"id\", \"name\", \"email\", \"password\", \"role\", \"created_at\", \"updated_at\") values (default, $1, $2, default, $3, default, default) returning \"id\", \"name\", \"email\", \"role\", \"created_at\"\nparams: Admin,admin@jsmastery.pro,admin\n    at NeonHttpPreparedQuery.queryWithCache (file:///Users/newww/Desktop/Deploy/node_modules/drizzle-orm/pg-core/session.js:41:15)\n    at process.processTicksAndRejections (node:internal/process/task_queues:95:5)\n    at async NeonHttpPreparedQuery.execute (file:///Users/newww/Desktop/Deploy/node_modules/drizzle-orm/neon-http/session.js:45:20)\n    at async createUser (file:///Users/newww/Desktop/Deploy/src/services/auth.service.js:24:27)\n    at async signup (file:///Users/newww/Desktop/Deploy/src/controllers/auth.controller.js:21:18)","timestamp":"2026-05-05T11:55:44.759Z"}
{"level":"info","message":"::1 - - [05/May/2026:11:55:44 +0000] \"POST /api/auth/sign-up HTTP/1.1\" 500 1126 \"-\" \"HTTPie\"","service":"acquisitions-api","timestamp":"2026-05-05T11:55:44.764Z"}
{"level":"error","message":"Error creating user: Error: Failed query: insert into \"users\" (\"id\", \"name\", \"email\", \"password\", \"role\", \"created_at\", \"updated_at\") values (default, $1, $2, default, $3, default, default) returning \"id\", \"name\", \"email\", \"role\", \"created_at\"\nparams: Admin,admin@jsmastery.pro,admin","service":"acquisitions-api","timestamp":"2026-05-05T11:55:45.750Z"}
{"cause":{"code":"23502","column":"password","detail":"Failing row contains (6, Admin, admin@jsmastery.pro, null, admin, 2026-05-05 11:55:45.912169, 2026-05-05 11:55:45.912169).","file":"execMain.c","line":"2032","name":"NeonDbError","routine":"ExecConstraints","schema":"public","severity":"ERROR","table":"users"},"level":"error","message":"Signup error Failed query: insert into \"users\" (\"id\", \"name\", \"email\", \"password\", \"role\", \"created_at\", \"updated_at\") values (default, $1, $2, default, $3, default, default) returning \"id\", \"name\", \"email\", \"role\", \"created_at\"\nparams: Admin,admin@jsmastery.pro,admin","params":["Admin","admin@jsmastery.pro","admin"],"query":"insert into \"users\" (\"id\", \"name\", \"email\", \"password\", \"role\", \"created_at\", \"updated_at\") values (default, $1, $2, default, $3, default, default) returning \"id\", \"name\", \"email\", \"role\", \"created_at\"","service":"acquisitions-api","stack":"Error: Failed query: insert into \"users\" (\"id\", \"name\", \"email\", \"password\", \"role\", \"created_at\", \"updated_at\") values (default, $1, $2, default, $3, default, default) returning \"id\", \"name\", \"email\", \"role\", \"created_at\"\nparams: Admin,admin@jsmastery.pro,admin\n    at NeonHttpPreparedQuery.queryWithCache (file:///Users/newww/Desktop/Deploy/node_modules/drizzle-orm/pg-core/session.js:41:15)\n    at process.processTicksAndRejections (node:internal/process/task_queues:95:5)\n    at async NeonHttpPreparedQuery.execute (file:///Users/newww/Desktop/Deploy/node_modules/drizzle-orm/neon-http/session.js:45:20)\n    at async createUser (file:///Users/newww/Desktop/Deploy/src/services/auth.service.js:24:27)\n    at async signup (file:///Users/newww/Desktop/Deploy/src/controllers/auth.controller.js:21:18)","timestamp":"2026-05-05T11:55:45.750Z"}
{"level":"info","message":"::1 - - [05/May/2026:11:55:45 +0000] \"POST /api/auth/sign-up HTTP/1.1\" 500 1126 \"-\" \"HTTPie\"","service":"acquisitions-api","timestamp":"2026-05-05T11:55:45.752Z"}
{"level":"error","message":"Error creating user: Error: Failed query: insert into \"users\" (\"id\", \"name\", \"email\", \"password\", \"role\", \"created_at\", \"updated_at\") values (default, $1, $2, default, $3, default, default) returning \"id\", \"name\", \"email\", \"role\", \"created_at\"\nparams: Admin,admin@jsmastery.pro,admin","service":"acquisitions-api","timestamp":"2026-05-05T11:56:05.992Z"}
{"cause":{"code":"23502","column":"password","detail":"Failing row contains (7, Admin, admin@jsmastery.pro, null, admin, 2026-05-05 11:56:06.149087, 2026-05-05 11:56:06.149087).","file":"execMain.c","line":"2032","name":"NeonDbError","routine":"ExecConstraints","schema":"public","severity":"ERROR","table":"users"},"level":"error","message":"Signup error Failed query: insert into \"users\" (\"id\", \"name\", \"email\", \"password\", \"role\", \"created_at\", \"updated_at\") values (default, $1, $2, default, $3, default, default) returning \"id\", \"name\", \"email\", \"role\", \"created_at\"\nparams: Admin,admin@jsmastery.pro,admin","params":["Admin","admin@jsmastery.pro","admin"],"query":"insert into \"users\" (\"id\", \"name\", \"email\", \"password\", \"role\", \"created_at\", \"updated_at\") values (default, $1, $2, default, $3, default, default) returning \"id\", \"name\", \"email\", \"role\", \"created_at\"","service":"acquisitions-api","stack":"Error: Failed query: insert into \"users\" (\"id\", \"name\", \"email\", \"password\", \"role\", \"created_at\", \"updated_at\") values (default, $1, $2, default, $3, default, default) returning \"id\", \"name\", \"email\", \"role\", \"created_at\"\nparams: Admin,admin@jsmastery.pro,admin\n    at NeonHttpPreparedQuery.queryWithCache (file:///Users/newww/Desktop/Deploy/node_modules/drizzle-orm/pg-core/session.js:41:15)\n    at process.processTicksAndRejections (node:internal/process/task_queues:95:5)\n    at async NeonHttpPreparedQuery.execute (file:///Users/newww/Desktop/Deploy/node_modules/drizzle-orm/neon-http/session.js:45:20)\n    at async createUser (file:///Users/newww/Desktop/Deploy/src/services/auth.service.js:24:27)\n    at async signup (file:///Users/newww/Desktop/Deploy/src/controllers/auth.controller.js:21:18)","timestamp":"2026-05-05T11:56:05.995Z"}
{"level":"info","message":"::1 - - [05/May/2026:11:56:05 +0000] \"POST /api/auth/sign-up HTTP/1.1\" 500 1126 \"-\" \"HTTPie\"","service":"acquisitions-api","timestamp":"2026-05-05T11:56:05.997Z"}
{"level":"info","message":"User admin@jsmastery.pro created successfully","service":"acquisitions-api","timestamp":"2026-05-05T11:59:32.201Z"}
{"level":"info","message":"User registered successfully: admin@jsmastery.pro","service":"acquisitions-api","timestamp":"2026-05-05T11:59:32.208Z"}
{"level":"info","message":"::1 - - [05/May/2026:11:59:32 +0000] \"POST /api/auth/sign-up HTTP/1.1\" 201 105 \"-\" \"HTTPie\"","service":"acquisitions-api","timestamp":"2026-05-05T11:59:32.213Z"}
{"level":"error","message":"Error creating user: Error: User with this email already exists","service":"acquisitions-api","timestamp":"2026-05-13T08:50:29.200Z"}
{"level":"error","message":"Signup error User with this email already exists","service":"acquisitions-api","stack":"Error: User with this email already exists\n    at createUser (file:///Users/newww/Desktop/Deploy/src/services/auth.service.js:52:19)\n    at process.processTicksAndRejections (node:internal/process/task_queues:95:5)\n    at async signup (file:///Users/newww/Desktop/Deploy/src/controllers/auth.controller.js:21:18)","timestamp":"2026-05-13T08:50:29.204Z"}
{"level":"info","message":"::1 - - [13/May/2026:08:50:29 +0000] \"POST /api/auth/sign-up HTTP/1.1\" 409 31 \"-\" \"HTTPie\"","service":"acquisitions-api","timestamp":"2026-05-13T08:50:29.209Z"}
{"level":"info","message":"User admin@jsmastery.pro authenticated successfully","service":"acquisitions-api","timestamp":"2026-05-13T08:50:44.743Z"}
{"level":"info","message":"User signed in successfully: admin@jsmastery.pro","service":"acquisitions-api","timestamp":"2026-05-13T08:50:44.746Z"}
{"level":"info","message":"::1 - - [13/May/2026:08:50:44 +0000] \"POST /api/auth/sign-in HTTP/1.1\" 200 104 \"-\" \"HTTPie\"","service":"acquisitions-api","timestamp":"2026-05-13T08:50:44.747Z"}
{"level":"info","message":"User admin@jsmastery.pro authenticated successfully","service":"acquisitions-api","timestamp":"2026-05-13T08:51:16.929Z"}
{"level":"info","message":"User signed in successfully: admin@jsmastery.pro","service":"acquisitions-api","timestamp":"2026-05-13T08:51:16.930Z"}
{"level":"info","message":"::1 - - [13/May/2026:08:51:16 +0000] \"POST /api/auth/sign-in HTTP/1.1\" 200 104 \"-\" \"HTTPie\"","service":"acquisitions-api","timestamp":"2026-05-13T08:51:16.931Z"}
{"level":"info","message":"User signed out successfully","service":"acquisitions-api","timestamp":"2026-05-13T08:51:34.230Z"}
{"level":"info","message":"::1 - - [13/May/2026:08:51:34 +0000] \"POST /api/auth/sign-out HTTP/1.1\" 200 29 \"-\" \"HTTPie\"","service":"acquisitions-api","timestamp":"2026-05-13T08:51:34.232Z"}
{"level":"info","message":"::1 - - [13/May/2026:11:39:39 +0000] \"GET /health HTTP/1.1\" 200 76 \"-\" \"HTTPie\"","service":"acquisitions-api","timestamp":"2026-05-13T11:39:39.223Z"}
{"level":"info","message":"::1 - - [13/May/2026:11:41:08 +0000] \"GET /health HTTP/1.1\" 200 75 \"-\" \"HTTPie\"","service":"acquisitions-api","timestamp":"2026-05-13T11:41:08.861Z"}
{"level":"info","message":"::1 - - [13/May/2026:11:41:08 +0000] \"GET /health HTTP/1.1\" 200 77 \"-\" \"HTTPie\"","service":"acquisitions-api","timestamp":"2026-05-13T11:41:08.915Z"}
{"level":"info","message":"::1 - - [13/May/2026:11:41:09 +0000] \"GET /health HTTP/1.1\" 200 77 \"-\" \"HTTPie\"","service":"acquisitions-api","timestamp":"2026-05-13T11:41:09.060Z"}
{"level":"info","message":"::1 - - [13/May/2026:11:41:09 +0000] \"GET /health HTTP/1.1\" 200 77 \"-\" \"HTTPie\"","service":"acquisitions-api","timestamp":"2026-05-13T11:41:09.180Z"}
{"level":"info","message":"::1 - - [13/May/2026:11:41:09 +0000] \"GET /health HTTP/1.1\" 200 77 \"-\" \"HTTPie\"","service":"acquisitions-api","timestamp":"2026-05-13T11:41:09.295Z"}
{"level":"info","message":"::1 - - [13/May/2026:11:41:09 +0000] \"GET /health HTTP/1.1\" 200 77 \"-\" \"HTTPie\"","service":"acquisitions-api","timestamp":"2026-05-13T11:41:09.388Z"}
{"level":"info","message":"::1 - - [13/May/2026:11:41:09 +0000] \"GET /health HTTP/1.1\" 200 77 \"-\" \"HTTPie\"","service":"acquisitions-api","timestamp":"2026-05-13T11:41:09.515Z"}
{"level":"info","message":"::1 - - [13/May/2026:11:41:09 +0000] \"GET /health HTTP/1.1\" 200 75 \"-\" \"HTTPie\"","service":"acquisitions-api","timestamp":"2026-05-13T11:41:09.627Z"}
{"level":"info","message":"::1 - - [13/May/2026:11:41:09 +0000] \"GET /health HTTP/1.1\" 200 77 \"-\" \"HTTPie\"","service":"acquisitions-api","timestamp":"2026-05-13T11:41:09.843Z"}
{"level":"info","message":"::1 - - [13/May/2026:11:41:09 +0000] \"GET /health HTTP/1.1\" 200 74 \"-\" \"HTTPie\"","service":"acquisitions-api","timestamp":"2026-05-13T11:41:09.978Z"}
{"level":"info","message":"::1 - - [13/May/2026:11:41:10 +0000] \"GET /health HTTP/1.1\" 200 74 \"-\" \"HTTPie\"","service":"acquisitions-api","timestamp":"2026-05-13T11:41:10.220Z"}
{"level":"info","message":"::1 - - [13/May/2026:11:41:10 +0000] \"GET /health HTTP/1.1\" 200 77 \"-\" \"HTTPie\"","service":"acquisitions-api","timestamp":"2026-05-13T11:41:10.382Z"}
{"level":"info","message":"::1 - - [13/May/2026:11:41:10 +0000] \"GET /health HTTP/1.1\" 200 76 \"-\" \"HTTPie\"","service":"acquisitions-api","timestamp":"2026-05-13T11:41:10.482Z"}
{"level":"info","message":"::1 - - [13/May/2026:11:41:10 +0000] \"GET /health HTTP/1.1\" 200 77 \"-\" \"HTTPie\"","service":"acquisitions-api","timestamp":"2026-05-13T11:41:10.586Z"}
{"level":"info","message":"::1 - - [13/May/2026:11:41:10 +0000] \"GET /health HTTP/1.1\" 200 77 \"-\" \"HTTPie\"","service":"acquisitions-api","timestamp":"2026-05-13T11:41:10.713Z"}
{"level":"info","message":"::1 - - [13/May/2026:11:41:10 +0000] \"GET /health HTTP/1.1\" 200 77 \"-\" \"HTTPie\"","service":"acquisitions-api","timestamp":"2026-05-13T11:41:10.843Z"}
{"level":"info","message":"::1 - - [13/May/2026:11:41:10 +0000] \"GET /health HTTP/1.1\" 200 77 \"-\" \"HTTPie\"","service":"acquisitions-api","timestamp":"2026-05-13T11:41:10.945Z"}
{"level":"info","message":"::1 - - [13/May/2026:11:41:11 +0000] \"GET /health HTTP/1.1\" 200 77 \"-\" \"HTTPie\"","service":"acquisitions-api","timestamp":"2026-05-13T11:41:11.074Z"}
{"level":"info","message":"::1 - - [13/May/2026:11:41:11 +0000] \"GET /health HTTP/1.1\" 200 77 \"-\" \"HTTPie\"","service":"acquisitions-api","timestamp":"2026-05-13T11:41:11.216Z"}
{"level":"info","message":"::1 - - [13/May/2026:11:41:11 +0000] \"GET /health HTTP/1.1\" 200 77 \"-\" \"HTTPie\"","service":"acquisitions-api","timestamp":"2026-05-13T11:41:11.337Z"}
{"level":"info","message":"::1 - - [13/May/2026:11:41:51 +0000] \"GET /health HTTP/1.1\" 200 76 \"-\" \"HTTPie\"","service":"acquisitions-api","timestamp":"2026-05-13T11:41:51.070Z"}
{"level":"info","message":"::1 - - [13/May/2026:11:41:51 +0000] \"GET /health HTTP/1.1\" 200 76 \"-\" \"HTTPie\"","service":"acquisitions-api","timestamp":"2026-05-13T11:41:51.202Z"}
{"level":"info","message":"::1 - - [13/May/2026:11:41:51 +0000] \"GET /health HTTP/1.1\" 200 76 \"-\" \"HTTPie\"","service":"acquisitions-api","timestamp":"2026-05-13T11:41:51.340Z"}
{"level":"info","message":"::1 - - [13/May/2026:11:41:51 +0000] \"GET /health HTTP/1.1\" 200 76 \"-\" \"HTTPie\"","service":"acquisitions-api","timestamp":"2026-05-13T11:41:51.455Z"}
{"level":"info","message":"::1 - - [13/May/2026:11:41:51 +0000] \"GET /health HTTP/1.1\" 200 76 \"-\" \"HTTPie\"","service":"acquisitions-api","timestamp":"2026-05-13T11:41:51.599Z"}
{"level":"info","message":"::1 - - [13/May/2026:11:41:51 +0000] \"GET /health HTTP/1.1\" 200 76 \"-\" \"HTTPie\"","service":"acquisitions-api","timestamp":"2026-05-13T11:41:51.705Z"}
{"level":"info","message":"::1 - - [13/May/2026:11:41:51 +0000] \"GET /health HTTP/1.1\" 200 75 \"-\" \"HTTPie\"","service":"acquisitions-api","timestamp":"2026-05-13T11:41:51.832Z"}
{"level":"info","message":"::1 - - [13/May/2026:11:41:51 +0000] \"GET /health HTTP/1.1\" 200 74 \"-\" \"HTTPie\"","service":"acquisitions-api","timestamp":"2026-05-13T11:41:51.960Z"}
{"level":"info","message":"::1 - - [13/May/2026:11:41:52 +0000] \"GET /health HTTP/1.1\" 200 76 \"-\" \"HTTPie\"","service":"acquisitions-api","timestamp":"2026-05-13T11:41:52.073Z"}
{"level":"info","message":"::1 - - [13/May/2026:11:41:52 +0000] \"GET /health HTTP/1.1\" 200 72 \"-\" \"HTTPie\"","service":"acquisitions-api","timestamp":"2026-05-13T11:41:52.193Z"}
{"level":"info","message":"::1 - - [13/May/2026:11:44:44 +0000] \"GET /health HTTP/1.1\" 200 77 \"-\" \"HTTPie\"","service":"acquisitions-api","timestamp":"2026-05-13T11:44:44.669Z"}
{"level":"info","message":"::1 - - [13/May/2026:11:44:45 +0000] \"GET /health HTTP/1.1\" 200 77 \"-\" \"HTTPie\"","service":"acquisitions-api","timestamp":"2026-05-13T11:44:45.377Z"}
{"level":"info","message":"::1 - - [13/May/2026:11:44:45 +0000] \"GET /health HTTP/1.1\" 200 77 \"-\" \"HTTPie\"","service":"acquisitions-api","timestamp":"2026-05-13T11:44:45.502Z"}
{"level":"info","message":"::1 - - [13/May/2026:11:45:06 +0000] \"GET /health HTTP/1.1\" 200 75 \"-\" \"HTTPie\"","service":"acquisitions-api","timestamp":"2026-05-13T11:45:06.149Z"}
{"level":"info","message":"::1 - - [13/May/2026:11:45:06 +0000] \"GET /health HTTP/1.1\" 200 75 \"-\" \"HTTPie\"","service":"acquisitions-api","timestamp":"2026-05-13T11:45:06.274Z"}
{"level":"info","message":"::1 - - [13/May/2026:11:45:06 +0000] \"GET /health HTTP/1.1\" 200 75 \"-\" \"HTTPie\"","service":"acquisitions-api","timestamp":"2026-05-13T11:45:06.524Z"}
{"level":"info","message":"::1 - - [13/May/2026:11:45:06 +0000] \"GET /health HTTP/1.1\" 200 75 \"-\" \"HTTPie\"","service":"acquisitions-api","timestamp":"2026-05-13T11:45:06.661Z"}
{"level":"info","message":"::1 - - [13/May/2026:11:45:06 +0000] \"GET /health HTTP/1.1\" 200 75 \"-\" \"HTTPie\"","service":"acquisitions-api","timestamp":"2026-05-13T11:45:06.765Z"}
{"level":"info","message":"::1 - - [13/May/2026:11:45:06 +0000] \"GET /health HTTP/1.1\" 200 75 \"-\" \"HTTPie\"","service":"acquisitions-api","timestamp":"2026-05-13T11:45:06.892Z"}
{"level":"info","message":"::1 - - [13/May/2026:11:45:07 +0000] \"GET /health HTTP/1.1\" 200 75 \"-\" \"HTTPie\"","service":"acquisitions-api","timestamp":"2026-05-13T11:45:07.029Z"}
{"level":"info","message":"::1 - - [13/May/2026:11:45:07 +0000] \"GET /health HTTP/1.1\" 200 75 \"-\" \"HTTPie\"","service":"acquisitions-api","timestamp":"2026-05-13T11:45:07.157Z"}
{"level":"info","message":"::1 - - [13/May/2026:11:45:07 +0000] \"GET /health HTTP/1.1\" 200 75 \"-\" \"HTTPie\"","service":"acquisitions-api","timestamp":"2026-05-13T11:45:07.291Z"}
{"level":"info","message":"::1 - - [13/May/2026:11:45:07 +0000] \"GET /health HTTP/1.1\" 200 72 \"-\" \"HTTPie\"","service":"acquisitions-api","timestamp":"2026-05-13T11:45:07.410Z"}
{"level":"info","message":"::1 - - [13/May/2026:11:46:16 +0000] \"GET /health HTTP/1.1\" 200 75 \"-\" \"HTTPie\"","service":"acquisitions-api","timestamp":"2026-05-13T11:46:16.994Z"}
{"level":"info","message":"::1 - - [13/May/2026:11:46:17 +0000] \"GET /health HTTP/1.1\" 200 75 \"-\" \"HTTPie\"","service":"acquisitions-api","timestamp":"2026-05-13T11:46:17.116Z"}
{"level":"info","message":"::1 - - [13/May/2026:11:46:17 +0000] \"GET /health HTTP/1.1\" 200 75 \"-\" \"HTTPie\"","service":"acquisitions-api","timestamp":"2026-05-13T11:46:17.220Z"}
{"level":"info","message":"::1 - - [13/May/2026:11:46:17 +0000] \"GET /health HTTP/1.1\" 200 75 \"-\" \"HTTPie\"","service":"acquisitions-api","timestamp":"2026-05-13T11:46:17.509Z"}
{"level":"info","message":"::1 - - [13/May/2026:11:46:17 +0000] \"GET /health HTTP/1.1\" 200 75 \"-\" \"HTTPie\"","service":"acquisitions-api","timestamp":"2026-05-13T11:46:17.638Z"}
{"level":"info","message":"::1 - - [13/May/2026:11:46:17 +0000] \"GET /health HTTP/1.1\" 200 74 \"-\" \"HTTPie\"","service":"acquisitions-api","timestamp":"2026-05-13T11:46:17.791Z"}
{"level":"info","message":"::1 - - [13/May/2026:11:46:17 +0000] \"GET /health HTTP/1.1\" 200 75 \"-\" \"HTTPie\"","service":"acquisitions-api","timestamp":"2026-05-13T11:46:17.909Z"}
{"level":"info","message":"::1 - - [13/May/2026:11:46:18 +0000] \"GET /health HTTP/1.1\" 200 72 \"-\" \"HTTPie\"","service":"acquisitions-api","timestamp":"2026-05-13T11:46:18.014Z"}
{"level":"info","message":"::1 - - [13/May/2026:11:46:18 +0000] \"GET /health HTTP/1.1\" 200 75 \"-\" \"HTTPie\"","service":"acquisitions-api","timestamp":"2026-05-13T11:46:18.127Z"}
{"level":"info","message":"::1 - - [13/May/2026:11:46:18 +0000] \"GET /health HTTP/1.1\" 200 72 \"-\" \"HTTPie\"","service":"acquisitions-api","timestamp":"2026-05-13T11:46:18.232Z"}
{"level":"info","message":"::1 - - [13/May/2026:11:46:18 +0000] \"GET /health HTTP/1.1\" 200 75 \"-\" \"HTTPie\"","service":"acquisitions-api","timestamp":"2026-05-13T11:46:18.349Z"}
{"level":"info","message":"::1 - - [13/May/2026:11:46:18 +0000] \"GET /health HTTP/1.1\" 200 75 \"-\" \"HTTPie\"","service":"acquisitions-api","timestamp":"2026-05-13T11:46:18.464Z"}
{"level":"info","message":"::1 - - [13/May/2026:11:46:18 +0000] \"GET /health HTTP/1.1\" 200 75 \"-\" \"HTTPie\"","service":"acquisitions-api","timestamp":"2026-05-13T11:46:18.569Z"}
{"level":"info","message":"::1 - - [13/May/2026:11:54:01 +0000] \"GET /health HTTP/1.1\" 200 75 \"-\" \"HTTPie\"","service":"acquisitions-api","timestamp":"2026-05-13T11:54:01.406Z"}
{"level":"info","message":"::1 - - [13/May/2026:11:54:01 +0000] \"GET /health HTTP/1.1\" 200 75 \"-\" \"HTTPie\"","service":"acquisitions-api","timestamp":"2026-05-13T11:54:01.489Z"}
{"level":"info","message":"::1 - - [13/May/2026:11:54:01 +0000] \"GET /health HTTP/1.1\" 200 75 \"-\" \"HTTPie\"","service":"acquisitions-api","timestamp":"2026-05-13T11:54:01.621Z"}
{"level":"info","message":"::1 - - [13/May/2026:11:54:01 +0000] \"GET /health HTTP/1.1\" 200 75 \"-\" \"HTTPie\"","service":"acquisitions-api","timestamp":"2026-05-13T11:54:01.816Z"}
{"level":"info","message":"::1 - - [13/May/2026:11:54:01 +0000] \"GET /health HTTP/1.1\" 200 75 \"-\" \"HTTPie\"","service":"acquisitions-api","timestamp":"2026-05-13T11:54:01.935Z"}
{"level":"info","message":"::1 - - [13/May/2026:11:54:02 +0000] \"GET /health HTTP/1.1\" 200 74 \"-\" \"HTTPie\"","service":"acquisitions-api","timestamp":"2026-05-13T11:54:02.034Z"}
{"level":"info","message":"::1 - - [13/May/2026:11:54:02 +0000] \"GET /health HTTP/1.1\" 200 75 \"-\" \"HTTPie\"","service":"acquisitions-api","timestamp":"2026-05-13T11:54:02.151Z"}
{"level":"info","message":"::1 - - [13/May/2026:11:54:02 +0000] \"GET /health HTTP/1.1\" 200 75 \"-\" \"HTTPie\"","service":"acquisitions-api","timestamp":"2026-05-13T11:54:02.263Z"}
{"level":"info","message":"::1 - - [13/May/2026:11:54:02 +0000] \"GET /health HTTP/1.1\" 200 75 \"-\" \"HTTPie\"","service":"acquisitions-api","timestamp":"2026-05-13T11:54:02.377Z"}
{"level":"info","message":"::1 - - [13/May/2026:11:54:02 +0000] \"GET /health HTTP/1.1\" 200 75 \"-\" \"HTTPie\"","service":"acquisitions-api","timestamp":"2026-05-13T11:54:02.489Z"}
{"level":"info","message":"::1 - - [13/May/2026:11:54:02 +0000] \"GET /health HTTP/1.1\" 200 75 \"-\" \"HTTPie\"","service":"acquisitions-api","timestamp":"2026-05-13T11:54:02.610Z"}
{"level":"info","message":"::1 - - [13/May/2026:11:54:02 +0000] \"GET /health HTTP/1.1\" 200 75 \"-\" \"HTTPie\"","service":"acquisitions-api","timestamp":"2026-05-13T11:54:02.737Z"}
{"level":"info","message":"::1 - - [13/May/2026:11:55:21 +0000] \"GET /health HTTP/1.1\" 200 74 \"-\" \"HTTPie\"","service":"acquisitions-api","timestamp":"2026-05-13T11:55:21.617Z"}
{"level":"info","message":"::1 - - [13/May/2026:11:55:21 +0000] \"GET /health HTTP/1.1\" 200 75 \"-\" \"HTTPie\"","service":"acquisitions-api","timestamp":"2026-05-13T11:55:21.806Z"}
{"level":"info","message":"::1 - - [13/May/2026:11:55:22 +0000] \"GET /health HTTP/1.1\" 200 75 \"-\" \"HTTPie\"","service":"acquisitions-api","timestamp":"2026-05-13T11:55:22.037Z"}
{"level":"info","message":"::1 - - [13/May/2026:11:55:22 +0000] \"GET /health HTTP/1.1\" 200 75 \"-\" \"HTTPie\"","service":"acquisitions-api","timestamp":"2026-05-13T11:55:22.145Z"}
{"level":"info","message":"::1 - - [13/May/2026:11:55:22 +0000] \"GET /health HTTP/1.1\" 200 75 \"-\" \"HTTPie\"","service":"acquisitions-api","timestamp":"2026-05-13T11:55:22.273Z"}
{"level":"info","message":"::1 - - [13/May/2026:11:55:22 +0000] \"GET /health HTTP/1.1\" 200 75 \"-\" \"HTTPie\"","service":"acquisitions-api","timestamp":"2026-05-13T11:55:22.362Z"}
{"level":"info","message":"::1 - - [13/May/2026:11:55:22 +0000] \"GET /health HTTP/1.1\" 200 75 \"-\" \"HTTPie\"","service":"acquisitions-api","timestamp":"2026-05-13T11:55:22.499Z"}
{"level":"info","message":"::1 - - [13/May/2026:11:55:22 +0000] \"GET /health HTTP/1.1\" 200 75 \"-\" \"HTTPie\"","service":"acquisitions-api","timestamp":"2026-05-13T11:55:22.605Z"}
{"level":"info","message":"::1 - - [13/May/2026:11:55:22 +0000] \"GET /health HTTP/1.1\" 200 75 \"-\" \"HTTPie\"","service":"acquisitions-api","timestamp":"2026-05-13T11:55:22.704Z"}
{"level":"info","message":"::1 - - [13/May/2026:11:55:22 +0000] \"GET /health HTTP/1.1\" 200 74 \"-\" \"HTTPie\"","service":"acquisitions-api","timestamp":"2026-05-13T11:55:22.824Z"}
{"level":"info","message":"::1 - - [13/May/2026:11:55:22 +0000] \"GET /health HTTP/1.1\" 200 75 \"-\" \"HTTPie\"","service":"acquisitions-api","timestamp":"2026-05-13T11:55:22.933Z"}
{"level":"info","message":"::1 - - [13/May/2026:11:55:23 +0000] \"GET /health HTTP/1.1\" 200 75 \"-\" \"HTTPie\"","service":"acquisitions-api","timestamp":"2026-05-13T11:55:23.075Z"}
{"level":"info","message":"::1 - - [13/May/2026:11:55:23 +0000] \"GET /health HTTP/1.1\" 200 75 \"-\" \"HTTPie\"","service":"acquisitions-api","timestamp":"2026-05-13T11:55:23.211Z"}
{"level":"info","message":"::1 - - [13/May/2026:11:55:23 +0000] \"GET /health HTTP/1.1\" 200 75 \"-\" \"HTTPie\"","service":"acquisitions-api","timestamp":"2026-05-13T11:55:23.329Z"}
{"level":"info","message":"::1 - - [13/May/2026:11:55:23 +0000] \"GET /health HTTP/1.1\" 200 75 \"-\" \"HTTPie\"","service":"acquisitions-api","timestamp":"2026-05-13T11:55:23.496Z"}
